---
source: src/annotate/seqvars/csq.rs
expression: res
snapshot_kind: text
---
- allele:
    Alt:
      alternative: G
  consequences:
    - intron_variant
  putative_impact: modifier
  gene_symbol: OPA1
  gene_id: "HGNC:8140"
  feature_type:
    so_term:
      term: Transcript
  feature_id: NM_130837.3
  feature_biotype:
    - coding
    - mane_select
  rank:
    ord: 3
    total: 30
  hgvs_g: g.193332846A>G
  hgvs_c: c.351+16A>G
  hgvs_p: p.?
  cdna_pos: ~
  cds_pos: ~
  protein_pos: ~
  distance: 16
  strand: 1
  messages: ~
