---
source: src/annotate/seqvars/csq.rs
expression: res
snapshot_kind: text
---
- allele:
    Alt:
      alternative: C
  consequences:
    - splice_acceptor_variant
    - coding_transcript_intron_variant
  putative_impact: high
  gene_symbol: BRCA1
  gene_id: "HGNC:1100"
  feature_type:
    so_term:
      term: Transcript
  feature_id: NM_007294.4
  feature_biotype:
    - coding
    - mane_select
  rank:
    ord: 22
    total: 22
  hgvs_g: g.41197820G>C
  hgvs_c: c.5468-1C>G
  hgvs_p: p.?
  cdna_pos: ~
  cds_pos: ~
  protein_pos: ~
  distance: 1
  strand: -1
  messages: ~
- allele:
    Alt:
      alternative: C
  consequences:
    - splice_acceptor_variant
    - coding_transcript_intron_variant
  putative_impact: high
  gene_symbol: BRCA1
  gene_id: "HGNC:1100"
  feature_type:
    so_term:
      term: Transcript
  feature_id: NM_007297.4
  feature_biotype:
    - coding
  rank:
    ord: 21
    total: 21
  hgvs_g: g.41197820G>C
  hgvs_c: c.5327-1C>G
  hgvs_p: p.?
  cdna_pos: ~
  cds_pos: ~
  protein_pos: ~
  distance: 1
  strand: -1
  messages: ~
- allele:
    Alt:
      alternative: C
  consequences:
    - splice_acceptor_variant
    - coding_transcript_intron_variant
  putative_impact: high
  gene_symbol: BRCA1
  gene_id: "HGNC:1100"
  feature_type:
    so_term:
      term: Transcript
  feature_id: NM_007298.3
  feature_biotype:
    - coding
  rank:
    ord: 21
    total: 21
  hgvs_g: g.41197820G>C
  hgvs_c: c.2156-1C>G
  hgvs_p: p.?
  cdna_pos: ~
  cds_pos: ~
  protein_pos: ~
  distance: 1
  strand: -1
  messages: ~
- allele:
    Alt:
      alternative: C
  consequences:
    - splice_acceptor_variant
    - coding_transcript_intron_variant
  putative_impact: high
  gene_symbol: BRCA1
  gene_id: "HGNC:1100"
  feature_type:
    so_term:
      term: Transcript
  feature_id: NM_007299.4
  feature_biotype:
    - coding
  rank:
    ord: 21
    total: 21
  hgvs_g: g.41197820G>C
  hgvs_c: c.2082-1C>G
  hgvs_p: p.?
  cdna_pos: ~
  cds_pos: ~
  protein_pos: ~
  distance: 1
  strand: -1
  messages: ~
- allele:
    Alt:
      alternative: C
  consequences:
    - splice_acceptor_variant
    - coding_transcript_intron_variant
  putative_impact: high
  gene_symbol: BRCA1
  gene_id: "HGNC:1100"
  feature_type:
    so_term:
      term: Transcript
  feature_id: NM_007300.4
  feature_biotype:
    - coding
  rank:
    ord: 23
    total: 23
  hgvs_g: g.41197820G>C
  hgvs_c: c.5531-1C>G
  hgvs_p: p.?
  cdna_pos: ~
  cds_pos: ~
  protein_pos: ~
  distance: 1
  strand: -1
  messages: ~
