---
source: src/annotate/seqvars/csq.rs
expression: res
---
- allele:
    Alt:
      alternative: G
  consequences:
    - disruptive_inframe_deletion
  putative_impact: MODERATE
  gene_symbol: OPA1
  gene_id: "HGNC:8140"
  feature_type:
    SoTerm:
      term: Transcript
  feature_id: NM_130837.3
  feature_biotype:
    - Coding
    - ManeSelect
  rank:
    ord: 1
    total: 31
  hgvs_t: c.15_17del
  hgvs_p: p.Arg6del
  tx_pos:
    ord: 185
    total: 6429
  cds_pos:
    ord: 15
    total: 3048
  protein_pos:
    ord: 6
    total: 1016
  distance: 0
  strand: 1
  messages: ~
