---
source: src/annotate/seqvars/csq.rs
expression: res
---
- allele:
    Alt:
      alternative: C
  consequences:
    - splice_acceptor_variant
    - intron_variant
  putative_impact: high
  gene_symbol: BRCA1
  gene_id: "HGNC:1100"
  feature_type:
    so_term:
      term: Transcript
  feature_id: NM_007294.4
  feature_biotype:
    - coding
    - mane_select
  rank:
    ord: 22
    total: 22
  hgvs_t: c.5468-2C>G
  hgvs_p: p.?
  tx_pos:
    ord: 5581
    total: 7088
  cds_pos:
    ord: 5468
    total: 5592
  protein_pos: ~
  distance: 2
  strand: -1
  messages: ~
- allele:
    Alt:
      alternative: C
  consequences:
    - splice_acceptor_variant
    - intron_variant
  putative_impact: high
  gene_symbol: BRCA1
  gene_id: "HGNC:1100"
  feature_type:
    so_term:
      term: Transcript
  feature_id: NM_007297.4
  feature_biotype:
    - coding
  rank:
    ord: 21
    total: 21
  hgvs_t: c.5327-2C>G
  hgvs_p: p.?
  tx_pos:
    ord: 5521
    total: 7028
  cds_pos:
    ord: 5327
    total: 5451
  protein_pos: ~
  distance: 2
  strand: -1
  messages: ~
- allele:
    Alt:
      alternative: C
  consequences:
    - splice_acceptor_variant
    - intron_variant
  putative_impact: high
  gene_symbol: BRCA1
  gene_id: "HGNC:1100"
  feature_type:
    so_term:
      term: Transcript
  feature_id: NM_007298.3
  feature_biotype:
    - coding
  rank:
    ord: 21
    total: 21
  hgvs_t: c.2156-2C>G
  hgvs_p: p.?
  tx_pos:
    ord: 2175
    total: 3682
  cds_pos:
    ord: 2156
    total: 2280
  protein_pos: ~
  distance: 2
  strand: -1
  messages: ~
- allele:
    Alt:
      alternative: C
  consequences:
    - splice_acceptor_variant
    - intron_variant
  putative_impact: high
  gene_symbol: BRCA1
  gene_id: "HGNC:1100"
  feature_type:
    so_term:
      term: Transcript
  feature_id: NM_007299.4
  feature_biotype:
    - coding
  rank:
    ord: 21
    total: 21
  hgvs_t: c.2082-2C>G
  hgvs_p: p.?
  tx_pos:
    ord: 2189
    total: 3696
  cds_pos:
    ord: 2082
    total: 2100
  protein_pos: ~
  distance: 2
  strand: -1
  messages: ~
- allele:
    Alt:
      alternative: C
  consequences:
    - splice_acceptor_variant
    - intron_variant
  putative_impact: high
  gene_symbol: BRCA1
  gene_id: "HGNC:1100"
  feature_type:
    so_term:
      term: Transcript
  feature_id: NM_007300.4
  feature_biotype:
    - coding
  rank:
    ord: 23
    total: 23
  hgvs_t: c.5531-2C>G
  hgvs_p: p.?
  tx_pos:
    ord: 5644
    total: 7151
  cds_pos:
    ord: 5531
    total: 5655
  protein_pos: ~
  distance: 2
  strand: -1
  messages: ~
