---
source: src/annotate/seqvars/csq.rs
expression: res
---
- allele:
    Alt:
      alternative: T
  consequences:
    - splice_acceptor_variant
    - intron_variant
  putative_impact: high
  gene_symbol: BRCA1
  gene_id: "HGNC:1100"
  feature_type:
    so_term:
      term: Transcript
  feature_id: NM_007294.4
  feature_biotype:
    - coding
    - mane_select
  rank:
    ord: 22
    total: 22
  hgvs_g: g.41197820G>T
  hgvs_c: c.5468-1C>A
  hgvs_p: p.?
  cdna_pos:
    ord: 5581
    total: 7088
  cds_pos:
    ord: 5468
    total: 5592
  protein_pos: ~
  distance: 1
  strand: -1
  messages: ~
