---
source: src/annotate/seqvars/csq.rs
expression: res
snapshot_kind: text
---
- allele:
    Alt:
      alternative: A
  consequences:
    - coding_transcript_intron_variant
  putative_impact: modifier
  gene_symbol: BRCA1
  gene_id: "HGNC:1100"
  feature_type:
    so_term:
      term: Transcript
  feature_id: NM_007294.4
  feature_biotype:
    - coding
    - mane_select
  rank:
    ord: 22
    total: 22
  hgvs_g: g.41199651C>A
  hgvs_c: c.5467+9G>T
  hgvs_p: p.?
  cdna_pos: ~
  cds_pos: ~
  protein_pos: ~
  distance: -9
  strand: -1
  messages: ~
