---
source: src/annotate/seqvars/mod.rs
expression: actual
---
release	chromosome	chromosome_no	start	end	bin	reference	alternative	var_type	case_id	set_id	info	genotype	num_hom_alt	num_hom_ref	num_het	num_hemi_alt	num_hemi_ref	in_clinvar	exac_frequency	exac_homozygous	exac_heterozygous	exac_hemizygous	thousand_genomes_frequency	thousand_genomes_homozygous	thousand_genomes_heterozygous	thousand_genomes_hemizygous	gnomad_exomes_frequency	gnomad_exomes_homozygous	gnomad_exomes_heterozygous	gnomad_exomes_hemizygous	gnomad_genomes_frequency	gnomad_genomes_homozygous	gnomad_genomes_heterozygous	gnomad_genomes_hemizygous	refseq_gene_id	refseq_transcript_id	refseq_transcript_coding	refseq_hgvs_c	refseq_hgvs_p	refseq_effect	refseq_exon_dist	ensembl_gene_id	ensembl_transcript_id	ensembl_transcript_coding	ensembl_hgvs_c	ensembl_hgvs_p	ensembl_effect	ensembl_exon_dist
GRCh37	17	17	41215920	41215920	899	G	T	snv	.	.	{}	{"""HG00102-N1-DNA1-WES1""":{"""gt""":"""1/1""","""ad""":4,"""dp""":4,"""gq""":12}}	1	0	0	0	0	FALSE	0	0	0	0	0	0	0	0	0	0	0	0	0.000019895588	0	5	0	672	NM_007294.4	TRUE	c.5123C>A	p.A1708E	{"missense_variant"}	0	.	.	.	.	.	{}	.
