---
source: src/annotate/seqvars/csq.rs
expression: res
---
- allele:
    Alt:
      alternative: T
  consequences:
    - splice_donor_variant
    - coding_transcript_intron_variant
  putative_impact: high
  gene_symbol: BRCA1
  gene_id: "HGNC:1100"
  feature_type:
    so_term:
      term: Transcript
  feature_id: NM_007294.4
  feature_biotype:
    - coding
  feature_tags:
    - mane_select
    - ref_seq_select
  rank:
    ord: 22
    total: 22
  hgvs_g: g.41199659G>T
  hgvs_n: n.5580+1C>A
  hgvs_c: c.5467+1C>A
  hgvs_p: p.?
  cdna_pos: ~
  cds_pos: ~
  protein_pos: ~
  distance: -1
  strand: -1
  messages: ~
